// Jest Snapshot v1, https://goo.gl/fbAQLP

exports[`Header component snapshot 1`] = `
<div>
  <header
    className="App-header"
  >
    <img
      className="logo"
      src="/goat-original.png"
    />
    <h1
      className="header"
    />
  </header>
</div>
`;
